// Jest Snapshot v1, https://goo.gl/fbAQLP

exports[`Pruebas en el componente <TodoAdd /> Debe mostrarse correctamente. 1`] = `
<Fragment>
  <h4>
    Agregar TODO
  </h4>
  <hr />
  <form
    action=""
  >
    <input
      autoComplete="off"
      className="form-control"
      name="description"
      onChange={[Function]}
      placeholder="Descripcion"
      type="text"
      value=""
    />
    <button
      className="btn btn-outline-primary btn-lg btn-block mt-2"
      onClick={[Function]}
    >
      Agregar
    </button>
  </form>
</Fragment>
`;
