// Jest Snapshot v1, https://goo.gl/fbAQLP

exports[`Pruebas en <TodoApp/> Debe mostrarse correctamente. 1`] = `
<Fragment>
  <h1>
    TodoApp (
    0
    )
  </h1>
  <hr />
  <div
    className="container"
  >
    <div
      className="row"
    >
      <div
        className="col"
      >
        <TodoList
          handleDelete={[Function]}
          handleToggle={[Function]}
          todos={Array []}
        />
      </div>
      <div
        className="col"
      >
        <TodoAdd
          handleAddTodo={[Function]}
        />
      </div>
    </div>
  </div>
</Fragment>
`;
