// Jest Snapshot v1, https://goo.gl/fbAQLP

exports[`Pruebas sobre el <LoginPage/> Debe mostrarse corectamente. 1`] = `
<div>
  <h1>
    Login Page
  </h1>
  <hr />
  <button
    className="btn btn-primary"
    onClick={[Function]}
  >
    Login
  </button>
</div>
`;
